[Keyword -> "using"] [Identifier -> "System"] [Delimiter -> ";"] 
[Keyword -> "namespace"] [Identifier -> "DateAndTime"] 
[Delimiter -> "{"] 
[Keyword -> "class"] [Identifier -> "Program"] 
[Delimiter -> "{"] 
[Keyword -> "static"] [Keyword -> "int"] [Identifier -> "Main"] [Operator -> "()"] 
[Delimiter -> "{"] 
[Keyword -> "double"] [Identifier -> "x"] [Operator -> "="] [Numerical constant -> "-3.4"] [Delimiter -> ";"] 
[Identifier -> "DateTime"] [Identifier -> "sd"] [Operator -> "="] [Keyword -> "new"] [Identifier -> "DateTime"] [Operator -> "("] [Numerical constant -> "2010"] [Operator -> ","] [Numerical constant -> "10"] [Operator -> ","] [Numerical constant -> "12"] [Operator -> ")"] [Delimiter -> ";"] 
[Identifier -> "Console"] [Operator -> "."] [Identifier -> "WriteLine"] [Operator -> "("] [Literal constant -> "Starting Date : {0}"] [Operator -> ","] [Identifier -> "sd"] [Operator -> ")"] [Delimiter -> ";"] 
[Identifier -> "DateTime"] [Identifier -> "ed"] [Operator -> "="] [Identifier -> "sd"] [Operator -> "."] [Identifier -> "AddDays"] [Operator -> "("] [Numerical constant -> "10"] [Operator -> ")"] [Delimiter -> ";"] 
[Identifier -> "Console"] [Operator -> "."] [Identifier -> "WriteLine"] [Operator -> "("] [Literal constant -> "Ending Date   : {0}"] [Operator -> ","] [Identifier -> "ed"] [Operator -> ")"] [Delimiter -> ";"] 
[Keyword -> "if"] [Operator -> "("] [Identifier -> "sd"] [Operator -> "<"] [Identifier -> "ed"] [Operator -> ")"] 
[Identifier -> "Console"] [Operator -> "."] [Identifier -> "WriteLine"] [Operator -> "("] [Literal constant -> "{0} Occurs Before {1}"] [Operator -> ","] [Identifier -> "sd"] [Operator -> ","] [Identifier -> "ed"] [Operator -> ")"] [Delimiter -> ";"] 
[Identifier -> "Console"] [Operator -> "."] [Identifier -> "Read"] [Operator -> "()"] [Delimiter -> ";"] 
[Keyword -> "return"] [Numerical constant -> "0"] [Delimiter -> ";"] 

[Delimiter -> "}"] 
[Delimiter -> "}"] 
[Delimiter -> "}"] 