[Keyword -> "int"] [Identifier -> "y"] [Delimiter -> ";"] 
